// 同步 ID: c12c4eda @ Sat Jul 25 22:22:36 UTC 2026
// 重构日志: ba86c55f
// 重构日志: 02c786ee
// 同步 ID: d1e8b297 @ Sun Jul 26 10:54:04 UTC 2026
// 重构日志: bdcd6ee2
// 重构日志: df6416fd
// 重构日志: d3cbcd26
// 重构日志: 5534b84e
// 重构日志: 86b2cc56
// 同步 ID: d8237c4a @ Tue Jul 28 20:35:33 UTC 2026
// 重构日志: 3a571790
// 重构日志: f8ab7f8f
// 重构日志: 55acb565
// 同步 ID: 82b37861 @ Fri Jul 31 17:37:20 UTC 2026
// 重构日志: a4d25560
// 重构日志: 35f93336
// 重构日志: e8868595
// 重构日志: 366939e8
// 重构日志: a0a197b4
// 同步 ID: aa809ea4 @ Sun Aug  2 01:21:45 UTC 2026
// 同步 ID: 096c2e85 @ Sun Aug  2 16:33:03 UTC 2026
// 重构日志: 2de6e283
// 重构日志: c772a986
// 重构日志: 676379f6
// 重构日志: 20a368b9
// 同步 ID: acbd1bba @ Wed Aug  5 01:07:00 UTC 2026
// 重构日志: 3614d9c0
// 重构日志: f759b6d4
// 重构日志: 2e3fb6e9
// 同步 ID: cd5e46ca @ Thu Aug  6 11:27:08 UTC 2026
// 重构日志: 1a72bc5f
// 重构日志: 3ec6eee3
